2026-06-27 03:25:46,618 - root - INFO - 已初始化日志系统，当前日志文件: D:\CodingTest\111test\111\logs\2026-06-27_03-25-46.log
2026-06-27 03:25:46,621 - dy.db_manager - INFO - 已连接数据库并校验当日数据表: records_20260627
2026-06-27 03:25:46,725 - root - INFO - 已初始化日志系统，当前日志文件: D:\CodingTest\111test\111\logs\2026-06-27_03-25-46.log
2026-06-27 03:25:46,728 - dy.db_manager - INFO - 已连接数据库并校验当日数据表: records_20260627
2026-06-27 03:25:51,732 - dy.db_manager - INFO - 已连接数据库并校验当日数据表: records_20260627
2026-06-27 03:25:56,160 - dy.db_manager - INFO - 已连接数据库并校验当日数据表: records_20260627
2026-06-27 03:26:10,534 - root - INFO - USB 设备检测结果: 未检测到 USB 设备。请检查数据线、USB 调试、手机授权和驱动。
2026-06-27 03:26:12,359 - root - INFO - USB 设备检测结果: 未检测到 USB 设备。请检查数据线、USB 调试、手机授权和驱动。
2026-06-27 03:26:23,541 - root - INFO - USB 设备检测结果: 未检测到 USB 设备。请检查数据线、USB 调试、手机授权和驱动。
2026-06-27 03:26:24,869 - root - INFO - USB 设备检测结果: 未检测到 USB 设备。请检查数据线、USB 调试、手机授权和驱动。
2026-06-27 03:26:26,018 - root - INFO - USB 设备检测结果: 未检测到 USB 设备。请检查数据线、USB 调试、手机授权和驱动。
2026-06-27 03:26:46,800 - root - INFO - USB 设备检测结果: 检测到 1 台可用 USB 设备。
2026-06-27 03:26:46,961 - root - INFO - USB 设备检测结果: 检测到 1 台可用 USB 设备。
2026-06-27 03:27:02,147 - root - INFO - 授权码验证通过，客户: test-customer，剩余积分: 200.012
2026-06-27 03:27:02,148 - root - INFO - ==> API: 开始初始化设备 V4DUT20422013309 的douyin平台任务
2026-06-27 03:27:02,148 - dy.main_controller - INFO - 初始化任务调度中心...
2026-06-27 03:27:02,181 - root - INFO - 当前 ADB 连接设备列表: ['V4DUT20422013309']
2026-06-27 03:27:02,182 - root - INFO - 使用传入的序列号: V4DUT20422013309
2026-06-27 03:27:02,183 - root - INFO - 正在向设备 V4DUT20422013309 挂载 UIAutomator2 引擎...
2026-06-27 03:27:02,326 - root - INFO - 设备 V4DUT20422013309 uiautomator2 引擎挂载成功。
2026-06-27 03:27:02,381 - root - INFO - 心跳检查 - 设备 V4DUT20422013309 屏幕状态: 亮起
2026-06-27 03:27:02,381 - dy.main_controller - INFO - 设备通讯正常，引擎挂载完毕。
2026-06-27 03:27:02,383 - dy.db_manager - INFO - 已连接数据库并校验当日数据表: records_20260627
2026-06-27 03:27:02,384 - dy.anti_detection - INFO - 🛡️ 防风控引擎已初始化
2026-06-27 03:27:02,384 - root - INFO - ==> API: 设备 V4DUT20422013309 已进入运行状态
2026-06-27 03:27:02,385 - dy.task_runner - INFO - === 任务流开始 ===
2026-06-27 03:27:02,385 - dy.anti_detection - INFO - 🌙 夜间静默时段，等待 3.5 小时后恢复...
2026-06-27 03:27:08,005 - dy.db_manager - INFO - 已连接数据库并校验当日数据表: records_20260627
2026-06-27 03:27:10,928 - dy.db_manager - INFO - 已连接数据库并校验当日数据表: records_20260627
2026-06-27 03:30:22,810 - root - INFO - 接收到关闭信号，正在停止所有后台设备任务...
2026-06-27 03:30:22,811 - dy.task_runner - INFO - 收到结束指令，准备退出任务流...
2026-06-27 03:30:22,811 - root - INFO - 已发送停止信号给设备: V4DUT20422013309
2026-06-27 03:30:32,388 - dy.task_runner - INFO - 检测到结束指令，中断当前执行！
2026-06-27 03:30:32,393 - dy.db_manager - INFO - 已连接数据库并校验当日数据表: records_20260627
2026-06-27 03:30:32,395 - dy.task_runner - INFO - 📊 今日已处理视频: 0 个 | 点赞: 0 次 | 评论: 0 次 | 关注: 0 人
2026-06-27 03:30:32,397 - dy.db_manager - INFO - 已连接数据库并校验当日数据表: records_20260627
2026-06-27 03:30:32,401 - dy.db_manager - INFO - 已连接数据库并校验当日数据表: records_20260627
2026-06-27 03:30:32,406 - dy.task_runner - INFO - 检测到结束指令，中断当前执行！
2026-06-27 03:30:32,407 - root - INFO - <== API: 设备 V4DUT20422013309 任务已中断: 用户手动结束了任务
2026-06-27 03:30:32,408 - root - INFO - 线程池已关闭。
