2026-06-26 22:57:00,245 - root - INFO - 已初始化日志系统，当前日志文件: D:\CodingTest\111test\111\logs\2026-06-26_22-57-00.log
2026-06-26 22:57:00,247 - dy.db_manager - INFO - 已连接数据库并校验当日数据表: records_20260626
2026-06-26 22:57:00,358 - root - INFO - 已初始化日志系统，当前日志文件: D:\CodingTest\111test\111\logs\2026-06-26_22-57-00.log
2026-06-26 22:57:00,360 - dy.db_manager - INFO - 已连接数据库并校验当日数据表: records_20260626
2026-06-26 22:58:14,119 - dy.db_manager - INFO - 已连接数据库并校验当日数据表: records_20260626
2026-06-26 22:58:30,430 - dy.db_manager - INFO - 已连接数据库并校验当日数据表: records_20260626
2026-06-26 23:06:58,812 - root - INFO - USB 设备检测结果: 检测到 1 台可用 USB 设备。
2026-06-26 23:16:15,804 - dy.db_manager - INFO - 已连接数据库并校验当日数据表: records_20260626
2026-06-26 23:21:46,167 - dy.db_manager - INFO - 已连接数据库并校验当日数据表: records_20260626
2026-06-26 23:21:47,364 - dy.db_manager - INFO - 已连接数据库并校验当日数据表: records_20260626
2026-06-26 23:22:55,195 - dy.db_manager - INFO - 已连接数据库并校验当日数据表: records_20260626
2026-06-26 23:24:11,094 - dy.db_manager - INFO - 已连接数据库并校验当日数据表: records_20260626
2026-06-26 23:24:24,478 - dy.db_manager - INFO - 已连接数据库并校验当日数据表: records_20260626
2026-06-26 23:25:00,893 - dy.db_manager - INFO - 已连接数据库并校验当日数据表: records_20260626
2026-06-26 23:42:17,324 - dy.db_manager - INFO - 已连接数据库并校验当日数据表: records_20260626
2026-06-26 23:42:17,336 - dy.db_manager - INFO - 已连接数据库并校验当日数据表: records_20260626
2026-06-26 23:42:38,333 - dy.db_manager - INFO - 已连接数据库并校验当日数据表: records_20260626
2026-06-26 23:42:53,413 - dy.db_manager - INFO - 已连接数据库并校验当日数据表: records_20260626
2026-06-26 23:42:53,420 - dy.db_manager - INFO - 已连接数据库并校验当日数据表: records_20260626
2026-06-26 23:43:38,758 - dy.db_manager - INFO - 已连接数据库并校验当日数据表: records_20260626
2026-06-26 23:43:38,765 - dy.db_manager - INFO - 已连接数据库并校验当日数据表: records_20260626
2026-06-26 23:46:03,675 - dy.db_manager - INFO - 已连接数据库并校验当日数据表: records_20260626
2026-06-26 23:46:03,683 - dy.db_manager - INFO - 已连接数据库并校验当日数据表: records_20260626
2026-06-26 23:46:05,068 - dy.db_manager - INFO - 已连接数据库并校验当日数据表: records_20260626
2026-06-26 23:46:05,075 - dy.db_manager - INFO - 已连接数据库并校验当日数据表: records_20260626
2026-06-26 23:46:05,812 - dy.db_manager - INFO - 已连接数据库并校验当日数据表: records_20260626
2026-06-26 23:46:05,818 - dy.db_manager - INFO - 已连接数据库并校验当日数据表: records_20260626
2026-06-26 23:47:48,314 - dy.db_manager - INFO - 已连接数据库并校验当日数据表: records_20260626
2026-06-26 23:47:48,318 - dy.db_manager - INFO - 已连接数据库并校验当日数据表: records_20260626
2026-06-26 23:50:16,409 - dy.db_manager - INFO - 已连接数据库并校验当日数据表: records_20260626
2026-06-26 23:52:49,559 - dy.db_manager - INFO - 已连接数据库并校验当日数据表: records_20260626
2026-06-26 23:52:49,565 - dy.db_manager - INFO - 已连接数据库并校验当日数据表: records_20260626
2026-06-26 23:53:05,387 - dy.db_manager - INFO - 已连接数据库并校验当日数据表: records_20260626
2026-06-26 23:54:39,244 - dy.db_manager - INFO - 已连接数据库并校验当日数据表: records_20260626
2026-06-26 23:54:39,251 - dy.db_manager - INFO - 已连接数据库并校验当日数据表: records_20260626
2026-06-26 23:56:02,962 - dy.db_manager - INFO - 已连接数据库并校验当日数据表: records_20260626
2026-06-26 23:56:54,473 - dy.db_manager - INFO - 已连接数据库并校验当日数据表: records_20260626
2026-06-27 00:20:22,072 - dy.db_manager - INFO - 已连接数据库并校验当日数据表: records_20260627
2026-06-27 00:20:57,064 - root - INFO - 接收到关闭信号，正在停止所有后台设备任务...
2026-06-27 00:20:57,065 - root - INFO - 线程池已关闭。
