2026-06-27 16:40:11,882 - root - INFO - 已初始化日志系统，当前日志文件: D:\CodingTest\111test\111\logs\2026-06-27_16-40-11.log
2026-06-27 16:40:11,884 - dy.db_manager - INFO - 已连接数据库并校验当日数据表: records_20260627
2026-06-27 16:40:11,967 - root - INFO - 已初始化日志系统，当前日志文件: D:\CodingTest\111test\111\logs\2026-06-27_16-40-11.log
2026-06-27 16:40:11,969 - dy.db_manager - INFO - 已连接数据库并校验当日数据表: records_20260627
2026-06-27 16:41:27,146 - root - INFO - 授权码验证通过，客户: test-customer，剩余积分: 189.30400000000014
2026-06-27 16:41:27,146 - root - INFO - ==> API: 开始初始化设备 V4DUT20422013309 的douyin平台任务
2026-06-27 16:41:27,147 - dy.main_controller - INFO - 初始化任务调度中心...
2026-06-27 16:41:27,188 - root - INFO - 当前 ADB 连接设备列表: ['V4DUT20422013309']
2026-06-27 16:41:27,188 - root - INFO - 使用传入的序列号: V4DUT20422013309
2026-06-27 16:41:27,191 - root - INFO - 正在向设备 V4DUT20422013309 挂载 UIAutomator2 引擎...
2026-06-27 16:41:28,612 - root - INFO - 设备 V4DUT20422013309 uiautomator2 引擎挂载成功。
2026-06-27 16:41:28,778 - root - INFO - 心跳检查 - 设备 V4DUT20422013309 屏幕状态: 亮起
2026-06-27 16:41:28,779 - dy.main_controller - INFO - 设备通讯正常，引擎挂载完毕。
2026-06-27 16:41:28,780 - dy.db_manager - INFO - 已连接数据库并校验当日数据表: records_20260627
2026-06-27 16:41:28,780 - dy.anti_detection - INFO - 🛡️ 防风控引擎已初始化
2026-06-27 16:41:28,780 - root - INFO - ==> API: 设备 V4DUT20422013309 已进入运行状态
2026-06-27 16:41:28,780 - dy.task_runner - INFO - === 任务流开始 ===
2026-06-27 16:41:28,781 - dy.db_manager - INFO - 已连接数据库并校验当日数据表: records_20260627
2026-06-27 16:41:28,781 - dy.task_runner - INFO - 📊 今日已处理视频: 17 个 | 点赞: 11 次 | 评论: 8 次 | 关注: 0 人
2026-06-27 16:41:28,782 - dy.main_controller - INFO - 调度中心正在拉起抖音 APP...
2026-06-27 16:41:28,782 - dy.core.app_mgr - INFO - 正在启动应用: com.ss.android.ugc.aweme
2026-06-27 16:41:29,260 - dy.core.app_mgr - INFO - 等待抖音进入前台，超时时间: 8秒
2026-06-27 16:41:29,835 - dy.core.app_mgr - INFO - 等待抖音进入前台，超时时间: 10秒
2026-06-27 16:41:30,496 - dy.main_controller - INFO - 调度器开始装载动作: EnsureHomeAction
2026-06-27 16:41:30,496 - dy.anti_detection - INFO - 🛡️ 防风控引擎已初始化
2026-06-27 16:41:30,496 - dy.actions.base_action - INFO - ==> 准备执行动作: [EnsureHomeAction]
2026-06-27 16:41:39,395 - dy.actions.navigation - INFO - ✅ 抖音首页加载成功
2026-06-27 16:41:41,193 - dy.actions.base_action - INFO - <== 动作执行完成: [EnsureHomeAction]
2026-06-27 16:41:41,193 - dy.main_controller - INFO - 抖音启动完成，准备就绪。
2026-06-27 16:41:41,759 - dy.anti_detection - INFO - 📱 设备指纹: {'android_id': '8750be44adec00a2', 'model': 'CDY-TN90', 'brand': 'HONOR', 'sdk': '29'}
2026-06-27 16:41:41,759 - dy.task_runner - INFO - 🧹 已清理设备自动化痕迹
2026-06-27 16:41:41,881 - dy.task_runner - INFO - 
>>> 开始处理关键词: 水杯 <<<
2026-06-27 16:41:41,881 - dy.main_controller - INFO - 调度器开始装载动作: EnterSearchAction
2026-06-27 16:41:41,882 - dy.anti_detection - INFO - 🛡️ 防风控引擎已初始化
2026-06-27 16:41:41,882 - dy.actions.base_action - INFO - ==> 准备执行动作: [EnterSearchAction]
2026-06-27 16:41:42,321 - dy.actions.navigation - INFO - 正在搜索关键词: 水杯
2026-06-27 16:41:43,050 - dy.actions.navigation - INFO - 通过 XPath 成功点击搜索按钮
2026-06-27 16:41:52,757 - dy.actions.navigation - INFO - 成功切换到'视频'页签
2026-06-27 16:41:54,659 - dy.actions.base_action - INFO - <== 动作执行完成: [EnterSearchAction]
2026-06-27 16:41:54,660 - dy.main_controller - INFO - 调度器开始装载动作: ApplyFiltersAction
2026-06-27 16:41:54,660 - dy.anti_detection - INFO - 🛡️ 防风控引擎已初始化
2026-06-27 16:41:54,660 - dy.actions.base_action - INFO - ==> 准备执行动作: [ApplyFiltersAction]
2026-06-27 16:41:55,032 - dy.actions.navigation - INFO - >>> 自动化配对成功：模式[latest] -> 点击按钮[最新发布] <<<
2026-06-27 16:41:57,222 - dy.actions.navigation - INFO - 已成功选择排序方式: 最新发布
2026-06-27 16:41:58,318 - dy.actions.navigation - INFO - 已点击选择: 还未看过
2026-06-27 16:42:01,938 - dy.actions.navigation - INFO - 已点击'视频'页签辅助收起面板
2026-06-27 16:42:03,662 - dy.actions.navigation - INFO - --- 工作流切换完全执行：最新发布 ---
2026-06-27 16:42:03,666 - dy.actions.base_action - INFO - <== 动作执行完成: [ApplyFiltersAction]
2026-06-27 16:42:03,666 - dy.main_controller - INFO - 调度器开始装载动作: EnterFirstVideoAction
2026-06-27 16:42:03,666 - dy.anti_detection - INFO - 🛡️ 防风控引擎已初始化
2026-06-27 16:42:03,667 - dy.actions.base_action - INFO - ==> 准备执行动作: [EnterFirstVideoAction]
2026-06-27 16:42:04,072 - dy.actions.navigation - INFO - 正在定位第一个视频...
2026-06-27 16:42:04,260 - dy.actions.navigation - INFO - 识别到视频文案: #玻璃杯 #钛杯 #泡茶杯 #茶水分离杯...
2026-06-27 16:42:09,784 - dy.actions.base_action - INFO - <== 动作执行完成: [EnterFirstVideoAction]
2026-06-27 16:42:12,789 - dy.db_manager - INFO - 已连接数据库并校验当日数据表: records_20260627
2026-06-27 16:42:12,789 - dy.task_runner - INFO - 
--- 正在处理第 1/5 个视频 ---
2026-06-27 16:42:14,512 - dy.task_runner - INFO - 状态检查[提取视频信息前] 第 1/4 次: video_page
2026-06-27 16:42:15,217 - dy.task_runner - INFO - 功能前状态[提取视频信息/分享链接]: video_page
2026-06-27 16:42:15,855 - dy.task_runner - INFO - 状态检查[提取视频信息/分享链接-执行前] 第 1/6 次: video_page
2026-06-27 16:42:15,855 - dy.main_controller - INFO - 调度器开始装载动作: GetCurrentVideoLinkAction
2026-06-27 16:42:15,856 - dy.anti_detection - INFO - 🛡️ 防风控引擎已初始化
2026-06-27 16:42:15,856 - dy.actions.base_action - INFO - ==> 准备执行动作: [GetCurrentVideoLinkAction]
2026-06-27 16:42:17,183 - dy.actions.interaction - INFO - 当前视频可见文案兜底: #玻璃杯 #钛杯 #泡茶杯 #茶水分离杯 #商务水杯
2026-06-27 16:42:17,184 - dy.actions.interaction - WARNING - 稳定模式未打开分享面板提取链接，使用当前页面文案生成兜底视频标识: dy_visible_652b40bfcc290763
2026-06-27 16:42:17,184 - dy.actions.base_action - INFO - <== 动作执行完成: [GetCurrentVideoLinkAction]
2026-06-27 16:42:18,391 - dy.task_runner - INFO - 功能后状态[提取视频信息/分享链接]: video_page
2026-06-27 16:42:19,292 - dy.task_runner - INFO - 状态检查[提取视频信息/分享链接-执行后] 第 1/6 次: video_page
2026-06-27 16:42:19,293 - dy.db_manager - INFO - 已连接数据库并校验当日数据表: records_20260627
2026-06-27 16:42:19,295 - dy.task_runner - INFO - 🎬 开始对新视频执行互动...
2026-06-27 16:42:19,295 - dy.task_runner - INFO - 📝 当前视频标题: #玻璃杯 #钛杯 #泡茶杯 #茶水分离杯 #商务水杯
2026-06-27 16:42:19,723 - dy.task_runner - INFO - 功能前状态[点赞]: video_page
2026-06-27 16:42:20,626 - dy.task_runner - INFO - 状态检查[点赞-执行前] 第 1/6 次: video_page
2026-06-27 16:42:20,626 - dy.main_controller - INFO - 调度器开始装载动作: DoubleClickLikeAction
2026-06-27 16:42:20,626 - dy.anti_detection - INFO - 🛡️ 防风控引擎已初始化
2026-06-27 16:42:20,626 - dy.actions.base_action - INFO - ==> 准备执行动作: [DoubleClickLikeAction]
2026-06-27 16:42:22,146 - dy.actions.interaction - INFO - 已短按右侧喜欢按钮: (989, 1376)
2026-06-27 16:42:22,147 - dy.actions.base_action - INFO - <== 动作执行完成: [DoubleClickLikeAction]
2026-06-27 16:42:22,148 - dy.db_manager - INFO - 已连接数据库并校验当日数据表: records_20260627
2026-06-27 16:42:23,194 - dy.task_runner - INFO - 功能后状态[点赞]: video_page
2026-06-27 16:42:23,981 - dy.task_runner - INFO - 状态检查[点赞-执行后] 第 1/6 次: video_page
2026-06-27 16:42:26,952 - dy.task_runner - INFO - 功能前状态[模式2-AI视频评论]: video_page
2026-06-27 16:42:27,746 - dy.task_runner - INFO - 状态检查[模式2-AI视频评论-执行前] 第 1/6 次: video_page
2026-06-27 16:42:31,664 - dy.db_manager - INFO - 已连接数据库并校验当日数据表: records_20260627
2026-06-27 16:42:31,666 - dy.pipeline - INFO - AI 生成回复: 这个水杯泡茶好方便！
2026-06-27 16:42:31,666 - dy.main_controller - INFO - 调度器开始装载动作: PostCommentAction
2026-06-27 16:42:31,666 - dy.anti_detection - INFO - 🛡️ 防风控引擎已初始化
2026-06-27 16:42:31,666 - dy.actions.base_action - INFO - ==> 准备执行动作: [PostCommentAction]
2026-06-27 16:42:32,008 - dy.actions.commenting - INFO - 准备发布视频评论: 这个水杯泡茶好方便！
2026-06-27 16:42:39,202 - dy.actions.commenting - INFO - 视频评论: 发送按钮未就绪，重试 1/3
2026-06-27 16:42:43,329 - dy.actions.commenting - INFO - 视频评论: 发送按钮未就绪，重试 2/3
2026-06-27 16:42:47,990 - dy.actions.commenting - INFO - 视频评论: 发送按钮未就绪，重试 3/3
2026-06-27 16:42:48,536 - dy.actions.commenting - INFO - 视频评论: 尝试回车键发送
2026-06-27 16:42:52,915 - dy.actions.commenting - INFO - 检测到评论输入框仍处于打开状态，执行返回关闭
2026-06-27 16:42:54,674 - dy.actions.base_action - INFO - <== 动作执行完成: [PostCommentAction]
2026-06-27 16:42:55,917 - dy.task_runner - INFO - 功能后状态[模式2-AI视频评论]: video_page
2026-06-27 16:42:56,733 - dy.task_runner - INFO - 状态检查[模式2-AI视频评论-执行后] 第 1/6 次: video_page
2026-06-27 16:42:59,360 - dy.task_runner - INFO - 功能前状态[模式2-评论区截流]: video_page
2026-06-27 16:43:00,217 - dy.task_runner - INFO - 状态检查[模式2-评论区截流-执行前] 第 1/6 次: video_page
2026-06-27 16:43:00,807 - dy.task_runner - INFO - 功能前状态[评论区AI截流/楼中楼回复]: video_page
2026-06-27 16:43:01,723 - dy.task_runner - INFO - 状态检查[评论区AI截流/楼中楼回复-执行前] 第 1/6 次: video_page
2026-06-27 16:43:01,723 - dy.main_controller - INFO - 调度器开始装载动作: OpenCommentSectionAction
2026-06-27 16:43:01,723 - dy.anti_detection - INFO - 🛡️ 防风控引擎已初始化
2026-06-27 16:43:01,723 - dy.actions.base_action - INFO - ==> 准备执行动作: [OpenCommentSectionAction]
2026-06-27 16:43:02,208 - dy.actions.commenting - INFO - 正在通过 content-desc 规律寻找主评论区按钮...
2026-06-27 16:43:03,014 - dy.actions.commenting - INFO - 当前视频可能为 0 评论
2026-06-27 16:43:11,682 - dy.actions.base_action - INFO - <== 动作执行完成: [OpenCommentSectionAction]
2026-06-27 16:43:12,440 - dy.task_runner - INFO - 功能中状态[打开评论区后]: input_or_chat
2026-06-27 16:43:12,440 - dy.main_controller - INFO - 调度器开始装载动作: ProcessCommentSectionAction
2026-06-27 16:43:12,440 - dy.anti_detection - INFO - 🛡️ 防风控引擎已初始化
2026-06-27 16:43:12,440 - dy.actions.base_action - INFO - ==> 准备执行动作: [ProcessCommentSectionAction]
2026-06-27 16:43:12,873 - dy.actions.commenting - INFO - 开始处理评论区内容...
2026-06-27 16:43:12,873 - dy.actions.commenting - INFO - 正在解析当前屏幕可见评论...
2026-06-27 16:43:39,948 - dy.actions.commenting - INFO - AI 已识别评论 7/20 条
2026-06-27 16:44:37,015 - dy.actions.commenting - INFO - 正在解析当前屏幕可见评论...
2026-06-27 16:44:42,040 - dy.actions.commenting - INFO - AI 已识别评论 8/20 条
2026-06-27 16:44:54,090 - root - INFO - 接收到关闭信号，正在停止所有后台设备任务...
2026-06-27 16:44:54,090 - dy.task_runner - INFO - 收到结束指令，准备退出任务流...
2026-06-27 16:44:54,091 - root - INFO - 已发送停止信号给设备: V4DUT20422013309
2026-06-27 16:45:39,997 - dy.actions.commenting - INFO - 评论区处理完毕，关闭面板
2026-06-27 16:45:40,686 - dy.actions.commenting - INFO - 检测到评论输入框仍处于打开状态，执行返回关闭
2026-06-27 16:45:44,049 - dy.actions.commenting - INFO - 确认评论区面板已关闭
2026-06-27 16:45:44,050 - dy.actions.base_action - INFO - <== 动作执行完成: [ProcessCommentSectionAction]
2026-06-27 16:45:44,287 - dy.task_runner - INFO - 功能后状态[评论区AI截流/楼中楼回复]: video_page
2026-06-27 16:45:44,287 - dy.task_runner - INFO - 检测到结束指令，中断当前执行！
2026-06-27 16:45:44,287 - dy.task_runner - ERROR - 任务流执行异常: 用户手动结束了任务
2026-06-27 16:45:44,287 - dy.main_controller - INFO - 任务执行完毕，清理资源...
2026-06-27 16:45:44,288 - dy.main_controller - INFO - 资源清理完毕，安全退出。
2026-06-27 16:45:44,288 - root - INFO - <== API: 设备 V4DUT20422013309 任务被手动停止
2026-06-27 16:45:44,288 - root - INFO - 线程池已关闭。
